 
****************************************
check_design summary:
Version:     T-2022.03-SP2
Date:        Thu Oct 27 19:05:58 2022
****************************************

                   Name                                            Total
--------------------------------------------------------------------------------
Cells                                                              83
    Cells do not drive (LINT-1)                                    83
--------------------------------------------------------------------------------

Warning: In design 'b14', cell 'C15015' does not drive any nets. (LINT-1)
Warning: In design 'b14', cell 'C15802' does not drive any nets. (LINT-1)
Warning: In design 'b14', cell 'C15825' does not drive any nets. (LINT-1)
Warning: In design 'b14', cell 'C15826' does not drive any nets. (LINT-1)
Warning: In design 'b14', cell 'C15996' does not drive any nets. (LINT-1)
Warning: In design 'b14', cell 'C15997' does not drive any nets. (LINT-1)
Warning: In design 'b14', cell 'C15998' does not drive any nets. (LINT-1)
Warning: In design 'b14', cell 'C15999' does not drive any nets. (LINT-1)
Warning: In design 'b14', cell 'C16005' does not drive any nets. (LINT-1)
Warning: In design 'b14', cell 'C16006' does not drive any nets. (LINT-1)
Warning: In design 'b14', cell 'C16012' does not drive any nets. (LINT-1)
Warning: In design 'b14', cell 'C16013' does not drive any nets. (LINT-1)
Warning: In design 'b14', cell 'C16187' does not drive any nets. (LINT-1)
Warning: In design 'b14', cell 'C16188' does not drive any nets. (LINT-1)
Warning: In design 'b14', cell 'C16362' does not drive any nets. (LINT-1)
Warning: In design 'b14', cell 'C16363' does not drive any nets. (LINT-1)
Warning: In design 'b14', cell 'C16533' does not drive any nets. (LINT-1)
Warning: In design 'b14', cell 'C16534' does not drive any nets. (LINT-1)
Warning: In design 'b14', cell 'C16535' does not drive any nets. (LINT-1)
Warning: In design 'b14', cell 'C16536' does not drive any nets. (LINT-1)
Warning: In design 'b14', cell 'C16542' does not drive any nets. (LINT-1)
Warning: In design 'b14', cell 'C16543' does not drive any nets. (LINT-1)
Warning: In design 'b14', cell 'C16713' does not drive any nets. (LINT-1)
Warning: In design 'b14', cell 'C16714' does not drive any nets. (LINT-1)
Warning: In design 'b14', cell 'C16715' does not drive any nets. (LINT-1)
Warning: In design 'b14', cell 'C16716' does not drive any nets. (LINT-1)
Warning: In design 'b14', cell 'C16722' does not drive any nets. (LINT-1)
Warning: In design 'b14', cell 'C16723' does not drive any nets. (LINT-1)
Warning: In design 'b14', cell 'C16893' does not drive any nets. (LINT-1)
Warning: In design 'b14', cell 'C16894' does not drive any nets. (LINT-1)
Warning: In design 'b14', cell 'C16895' does not drive any nets. (LINT-1)
Warning: In design 'b14', cell 'C16896' does not drive any nets. (LINT-1)
Warning: In design 'b14', cell 'C16902' does not drive any nets. (LINT-1)
Warning: In design 'b14', cell 'C16903' does not drive any nets. (LINT-1)
Warning: In design 'b14', cell 'C17073' does not drive any nets. (LINT-1)
Warning: In design 'b14', cell 'C17074' does not drive any nets. (LINT-1)
Warning: In design 'b14', cell 'C17075' does not drive any nets. (LINT-1)
Warning: In design 'b14', cell 'C17076' does not drive any nets. (LINT-1)
Warning: In design 'b14', cell 'C17082' does not drive any nets. (LINT-1)
Warning: In design 'b14', cell 'C17083' does not drive any nets. (LINT-1)
Warning: In design 'b14', cell 'C17253' does not drive any nets. (LINT-1)
Warning: In design 'b14', cell 'C17254' does not drive any nets. (LINT-1)
Warning: In design 'b14', cell 'C17255' does not drive any nets. (LINT-1)
Warning: In design 'b14', cell 'C17256' does not drive any nets. (LINT-1)
Warning: In design 'b14', cell 'C17262' does not drive any nets. (LINT-1)
Warning: In design 'b14', cell 'C17263' does not drive any nets. (LINT-1)
Warning: In design 'b14', cell 'C17433' does not drive any nets. (LINT-1)
Warning: In design 'b14', cell 'C17434' does not drive any nets. (LINT-1)
Warning: In design 'b14', cell 'C17435' does not drive any nets. (LINT-1)
Warning: In design 'b14', cell 'C17436' does not drive any nets. (LINT-1)
Warning: In design 'b14', cell 'C17442' does not drive any nets. (LINT-1)
Warning: In design 'b14', cell 'C17443' does not drive any nets. (LINT-1)
Warning: In design 'b14', cell 'C17613' does not drive any nets. (LINT-1)
Warning: In design 'b14', cell 'C17614' does not drive any nets. (LINT-1)
Warning: In design 'b14', cell 'C17615' does not drive any nets. (LINT-1)
Warning: In design 'b14', cell 'C17616' does not drive any nets. (LINT-1)
Warning: In design 'b14', cell 'C17622' does not drive any nets. (LINT-1)
Warning: In design 'b14', cell 'C17623' does not drive any nets. (LINT-1)
Warning: In design 'b14', cell 'C17793' does not drive any nets. (LINT-1)
Warning: In design 'b14', cell 'C17794' does not drive any nets. (LINT-1)
Warning: In design 'b14', cell 'C17795' does not drive any nets. (LINT-1)
Warning: In design 'b14', cell 'C17796' does not drive any nets. (LINT-1)
Warning: In design 'b14', cell 'C17806' does not drive any nets. (LINT-1)
Warning: In design 'b14', cell 'C17808' does not drive any nets. (LINT-1)
Warning: In design 'b14', cell 'C18482' does not drive any nets. (LINT-1)
Warning: In design 'b14', cell 'C18488' does not drive any nets. (LINT-1)
Warning: In design 'b14', cell 'C18489' does not drive any nets. (LINT-1)
Warning: In design 'b14', cell 'C18506' does not drive any nets. (LINT-1)
Warning: In design 'b14', cell 'C18508' does not drive any nets. (LINT-1)
Warning: In design 'b14', cell 'C18511' does not drive any nets. (LINT-1)
Warning: In design 'b14', cell 'C18513' does not drive any nets. (LINT-1)
Warning: In design 'b14', cell 'C18516' does not drive any nets. (LINT-1)
Warning: In design 'b14', cell 'C18519' does not drive any nets. (LINT-1)
Warning: In design 'b14', cell 'C18524' does not drive any nets. (LINT-1)
Warning: In design 'b14', cell 'C18529' does not drive any nets. (LINT-1)
Warning: In design 'b14', cell 'C18532' does not drive any nets. (LINT-1)
Warning: In design 'b14', cell 'C18535' does not drive any nets. (LINT-1)
Warning: In design 'b14', cell 'C18539' does not drive any nets. (LINT-1)
Warning: In design 'b14', cell 'C18542' does not drive any nets. (LINT-1)
Warning: In design 'b14', cell 'C18546' does not drive any nets. (LINT-1)
Warning: In design 'b14', cell 'C18550' does not drive any nets. (LINT-1)
Warning: In design 'b14', cell 'C18556' does not drive any nets. (LINT-1)
Warning: In design 'b14', cell 'C18562' does not drive any nets. (LINT-1)
1
